// Jest Snapshot v1, https://goo.gl/fbAQLP

exports[`dashboard MyGame component test it should render 1`] = `"div.gameSummary"`;
